┌ Debug: Loading object cache file /tmp/.mount_JuliaRKdCJEC/usr/share/julia/depot/compiled/v1.12/Base64/D7K0n_KqawC.so for Base64 [2a0f44e3-6c83-55bd-87e4-b1978d98bd5f]
└ @ Base loading.jl:1299
┌ Debug: Loading object cache file /tmp/.mount_JuliaRKdCJEC/usr/share/julia/depot/compiled/v1.12/PrecompileTools/AQ9Mk_KqawC.so for PrecompileTools [aea7be01-6a6a-4083-8856-8a6e6704d82a]
└ @ Base loading.jl:1299
┌ Debug: Loading object cache file /tmp/.mount_JuliaRKdCJEC/usr/share/julia/depot/compiled/v1.12/Reexport/bTpYr_KqawC.so for Reexport [189a3867-3050-52da-a836-e630ba90ab69]
└ @ Base loading.jl:1299
┌ Debug: Loading object cache file /tmp/.mount_JuliaRKdCJEC/usr/share/julia/depot/compiled/v1.12/StaticArraysCore/Tzw28_KqawC.so for StaticArraysCore [1e83bf80-4336-4d27-bf5d-d5a4f845583c]
└ @ Base loading.jl:1299
┌ Debug: Loading object cache file /tmp/.mount_JuliaRKdCJEC/usr/share/julia/depot/compiled/v1.12/StaticArrays/yY9vm_KqawC.so for StaticArrays [90137ffa-7385-5640-81b9-e52037218182]
└ @ Base loading.jl:1299
┌ Debug: Loading object cache file /tmp/.mount_JuliaRKdCJEC/usr/share/julia/depot/compiled/v1.12/CommonWorldInvalidations/rQYNM_KqawC.so for CommonWorldInvalidations [f70d9fcc-98c5-4d4a-abd7-e4cdeebd8ca8]
└ @ Base loading.jl:1299
┌ Debug: Loading object cache file /tmp/.mount_JuliaRKdCJEC/usr/share/julia/depot/compiled/v1.12/DocStringExtensions/KRdZs_KqawC.so for DocStringExtensions [ffbed154-4ef7-542d-bbb7-c09d3a79fcae]
└ @ Base loading.jl:1299
┌ Debug: Loading object cache file /tmp/.mount_JuliaRKdCJEC/usr/share/julia/depot/compiled/v1.12/StyledStrings/UcVoM_KqawC.so for StyledStrings [f489334b-da3d-4c2e-b8f0-e476e12c162b]
└ @ Base loading.jl:1299
┌ Debug: Loading object cache file /tmp/.mount_JuliaRKdCJEC/usr/share/julia/depot/compiled/v1.12/JuliaSyntaxHighlighting/8OCEv_KqawC.so for JuliaSyntaxHighlighting [ac6e5ff7-fb65-4e79-a425-ec3bc9c03011]
└ @ Base loading.jl:1299
┌ Debug: Loading object cache file /tmp/.mount_JuliaRKdCJEC/usr/share/julia/depot/compiled/v1.12/Markdown/AREjX_KqawC.so for Markdown [d6f4376e-aef5-505a-96c1-9c027394607a]
└ @ Base loading.jl:1299
┌ Debug: Loading object cache file /tmp/.mount_JuliaRKdCJEC/usr/share/julia/depot/compiled/v1.12/IntegerMathUtils/WLcRF_KqawC.so for IntegerMathUtils [18e54dd8-cb9d-406c-a71d-865a43cbb235]
└ @ Base loading.jl:1299
┌ Debug: Loading object cache file /tmp/.mount_JuliaRKdCJEC/usr/share/julia/depot/compiled/v1.12/Primes/TX3XQ_KqawC.so for Primes [27ebfcd6-29c5-5fa9-bf4b-fb8fc14df3ae]
└ @ Base loading.jl:1299
┌ Debug: Loading object cache file /tmp/.mount_JuliaRKdCJEC/usr/share/julia/depot/compiled/v1.12/MacroTools/38lnR_KqawC.so for MacroTools [1914dd2f-81c6-5fcd-8719-6d5c9610ff09]
└ @ Base loading.jl:1299
┌ Debug: Loading object cache file /tmp/.mount_JuliaRKdCJEC/usr/share/julia/depot/compiled/v1.12/ConstructionBase/sBbW6_KqawC.so for ConstructionBase [187b0558-2788-49d3-abe0-74a17ed4e7c9]
└ @ Base loading.jl:1299
┌ Debug: Loading object cache file /tmp/.mount_JuliaRKdCJEC/usr/share/julia/depot/compiled/v1.12/ConstructionBaseLinearAlgebraExt/mc2IG_KqawC.so for ConstructionBaseLinearAlgebraExt [c62c8707-47b7-5698-8582-f212d625ab71]
└ @ Base loading.jl:1299
┌ Debug: Loading object cache file /tmp/.mount_JuliaRKdCJEC/usr/share/julia/depot/compiled/v1.12/Setfield/dVM1R_KqawC.so for Setfield [efcf1570-3423-57d1-acb7-fd33fddbac46]
└ @ Base loading.jl:1299
┌ Debug: Loading object cache file /tmp/.mount_JuliaRKdCJEC/usr/share/julia/depot/compiled/v1.12/CompositeTypes/Uc3SY_KqawC.so for CompositeTypes [b152e2b5-7a66-4b01-a709-34e65c35f657]
└ @ Base loading.jl:1299
┌ Debug: Loading object cache file /tmp/.mount_JuliaRKdCJEC/usr/share/julia/depot/compiled/v1.12/IntervalSets/2FHuv_KqawC.so for IntervalSets [8197267c-284f-5f27-9208-e0e47529a953]
└ @ Base loading.jl:1299
┌ Debug: Loading object cache file /tmp/.mount_JuliaRKdCJEC/usr/share/julia/depot/compiled/v1.12/IntervalSetsRandomExt/GqezX_KqawC.so for IntervalSetsRandomExt [26d0d72c-3857-57d2-89fc-eff847a63330]
└ @ Base loading.jl:1299
┌ Debug: Loading object cache file /tmp/.mount_JuliaRKdCJEC/usr/share/julia/depot/compiled/v1.12/FunctionMaps/IJ1V6_KqawC.so for FunctionMaps [a85aefff-f8ca-4649-a888-c8e5398bc76c]
└ @ Base loading.jl:1299
┌ Debug: Loading object cache file /tmp/.mount_JuliaRKdCJEC/usr/share/julia/depot/compiled/v1.12/DomainSets/ksPnB_KqawC.so for DomainSets [5b8099bc-c8ec-5219-889f-1d9e522a28bf]
└ @ Base loading.jl:1299
┌ Debug: Loading object cache file /tmp/.mount_JuliaRKdCJEC/usr/share/julia/depot/compiled/v1.12/ConstructionBaseIntervalSetsExt/yl6Pl_KqawC.so for ConstructionBaseIntervalSetsExt [ada10adf-9d10-520f-9513-eeb7f7281760]
└ @ Base loading.jl:1299
┌ Debug: Loading object cache file /tmp/.mount_JuliaRKdCJEC/usr/share/julia/depot/compiled/v1.12/ConstructionBaseStaticArraysExt/MmdaU_KqawC.so for ConstructionBaseStaticArraysExt [8497ba20-d017-5d93-8a79-2639523b7219]
└ @ Base loading.jl:1299
┌ Debug: Loading object cache file /tmp/.mount_JuliaRKdCJEC/usr/share/julia/depot/compiled/v1.12/DomainSetsRandomExt/BpXQj_KqawC.so for DomainSetsRandomExt [2ccfe529-ffd9-59a6-ab14-fd6001c306d6]
└ @ Base loading.jl:1299
┌ Debug: Loading object cache file /tmp/.mount_JuliaRKdCJEC/usr/share/julia/depot/compiled/v1.12/TermInterface/FkG5R_KqawC.so for TermInterface [8ea1fca8-c5ef-4a55-8b96-4e9afe9c9a3c]
└ @ Base loading.jl:1299
┌ Debug: Loading object cache file /tmp/.mount_JuliaRKdCJEC/usr/share/julia/depot/compiled/v1.12/ExproniconLite/2CPrV_KqawC.so for ExproniconLite [55351af7-c7e9-48d6-89ff-24e801d99491]
└ @ Base loading.jl:1299
┌ Debug: Loading object cache file /tmp/.mount_JuliaRKdCJEC/usr/share/julia/depot/compiled/v1.12/Jieko/F4xSq_KqawC.so for Jieko [ae98c720-c025-4a4a-838c-29b094483192]
└ @ Base loading.jl:1299
┌ Debug: Loading object cache file /tmp/.mount_JuliaRKdCJEC/usr/share/julia/depot/compiled/v1.12/Moshi/AXKwX_KqawC.so for Moshi [2e0e35c7-a2e4-4343-998d-7ef72827ed2d]
└ @ Base loading.jl:1299
┌ Debug: Loading object cache file /tmp/.mount_JuliaRKdCJEC/usr/share/julia/depot/compiled/v1.12/EnumX/yh1Fz_KqawC.so for EnumX [4e289a0a-7415-4d19-859d-a7e5c4648b56]
└ @ Base loading.jl:1299
┌ Debug: Loading object cache file /tmp/.mount_JuliaRKdCJEC/usr/share/julia/depot/compiled/v1.12/ExprTools/eM8wu_KqawC.so for ExprTools [e2ba6199-217a-4e67-a87a-7c52f15ade04]
└ @ Base loading.jl:1299
┌ Debug: Loading object cache file /tmp/.mount_JuliaRKdCJEC/usr/share/julia/depot/compiled/v1.12/Serialization/zGad9_KqawC.so for Serialization [9e88b42a-f829-5b0c-bbe9-9e923198166b]
└ @ Base loading.jl:1299
┌ Debug: Loading object cache file /tmp/.mount_JuliaRKdCJEC/usr/share/julia/depot/compiled/v1.12/RuntimeGeneratedFunctions/OELxO_KqawC.so for RuntimeGeneratedFunctions [7e49a35a-f44a-4d26-94aa-eba1b4ca6b47]
└ @ Base loading.jl:1299
┌ Debug: Loading object cache file /tmp/.mount_JuliaRKdCJEC/usr/share/julia/depot/compiled/v1.12/ArrayInterface/7bROb_KqawC.so for ArrayInterface [4fba245c-0d91-5ea0-9b3e-6abc04ee57a9]
└ @ Base loading.jl:1299
┌ Debug: Loading object cache file /tmp/.mount_JuliaRKdCJEC/usr/share/julia/depot/compiled/v1.12/ArrayInterfaceStaticArraysCoreExt/gqwrP_KqawC.so for ArrayInterfaceStaticArraysCoreExt [48797bb2-d098-51e0-906f-70266c2e01ac]
└ @ Base loading.jl:1299
┌ Debug: Loading object cache file /tmp/.mount_JuliaRKdCJEC/usr/share/julia/depot/compiled/v1.12/InverseFunctions/PkVmn_KqawC.so for InverseFunctions [3587e190-3f89-42d0-90ee-14403ec27112]
└ @ Base loading.jl:1299
┌ Debug: Loading object cache file /tmp/.mount_JuliaRKdCJEC/usr/share/julia/depot/compiled/v1.12/InverseFunctionsDatesExt/gjNlb_KqawC.so for InverseFunctionsDatesExt [33677a4c-2dac-51eb-93f3-7ff1c38acef2]
└ @ Base loading.jl:1299
┌ Debug: Loading object cache file /tmp/.mount_JuliaRKdCJEC/usr/share/julia/depot/compiled/v1.12/CompositionsBase/KqDTx_KqawC.so for CompositionsBase [a33af91c-f02d-484b-be07-31d278c5ca2b]
└ @ Base loading.jl:1299
┌ Debug: Loading object cache file /tmp/.mount_JuliaRKdCJEC/usr/share/julia/depot/compiled/v1.12/CompositionsBaseInverseFunctionsExt/WTKja_KqawC.so for CompositionsBaseInverseFunctionsExt [62a8cebd-3339-5698-a5de-13c35b75e11f]
└ @ Base loading.jl:1299
┌ Debug: Loading object cache file /tmp/.mount_JuliaRKdCJEC/usr/share/julia/depot/compiled/v1.12/Accessors/XelUh_KqawC.so for Accessors [7d9f7c33-5ae7-4f3b-8dc6-eff91059b697]
└ @ Base loading.jl:1299
┌ Debug: Loading object cache file /tmp/.mount_JuliaRKdCJEC/usr/share/julia/depot/compiled/v1.12/LinearAlgebraExt/Pm3AL_KqawC.so for LinearAlgebraExt [ef8e1453-9c17-56fe-886b-405471570bc8]
└ @ Base loading.jl:1299
┌ Debug: Loading object cache file /tmp/.mount_JuliaRKdCJEC/usr/share/julia/depot/compiled/v1.12/SymbolicIndexingInterface/nIEWT_KqawC.so for SymbolicIndexingInterface [2efcf032-c050-4f8e-a9bb-153293bab1f5]
└ @ Base loading.jl:1299
┌ Debug: Loading object cache file /tmp/.mount_JuliaRKdCJEC/usr/share/julia/depot/compiled/v1.12/TaskLocalValues/oQVnM_KqawC.so for TaskLocalValues [ed4db957-447d-4319-bfb6-7fa9ae7ecf34]
└ @ Base loading.jl:1299
┌ Debug: Loading object cache file /tmp/.mount_JuliaRKdCJEC/usr/share/julia/depot/compiled/v1.12/WeakCacheSets/XcVy7_KqawC.so for WeakCacheSets [d30d5f5c-d141-4870-aa07-aabb0f5fe7d5]
└ @ Base loading.jl:1299
┌ Debug: Loading object cache file /tmp/.mount_JuliaRKdCJEC/usr/share/julia/depot/compiled/v1.12/OrderedCollections/LtT3J_KqawC.so for OrderedCollections [bac558e1-5e72-5ebc-8fee-abe8a469f55d]
└ @ Base loading.jl:1299
┌ Debug: Loading object cache file /tmp/.mount_JuliaRKdCJEC/usr/share/julia/depot/compiled/v1.12/DataStructures/xKiwJ_KqawC.so for DataStructures [864edb3b-99cc-5e75-8d2d-829cb0a9cfe8]
└ @ Base loading.jl:1299
┌ Debug: Loading object cache file /tmp/.mount_JuliaRKdCJEC/usr/share/julia/depot/compiled/v1.12/SuiteSparse_jll/ME9At_KqawC.so for SuiteSparse_jll [bea87d4a-7f5b-5778-9afe-8cc45184846c]
└ @ Base loading.jl:1299
┌ Debug: Loading object cache file /tmp/.mount_JuliaRKdCJEC/usr/share/julia/depot/compiled/v1.12/SparseArrays/P9ieR_KqawC.so for SparseArrays [2f01184e-e22b-5df5-ae63-d93ebab69eaf]
└ @ Base loading.jl:1299
┌ Debug: Loading object cache file /tmp/.mount_JuliaRKdCJEC/usr/share/julia/depot/compiled/v1.12/InteractiveUtils/0TrXF_KqawC.so for InteractiveUtils [b77e0a4c-d291-57a0-90e8-8db25a27a240]
└ @ Base loading.jl:1299
┌ Debug: Loading object cache file /tmp/.mount_JuliaRKdCJEC/usr/share/julia/depot/compiled/v1.12/Logging/PWFjL_KqawC.so for Logging [56ddb016-857b-54e1-b83d-db4d58db5568]
└ @ Base loading.jl:1299
┌ Debug: Loading object cache file /tmp/.mount_JuliaRKdCJEC/usr/share/julia/depot/compiled/v1.12/Test/JfdTE_KqawC.so for Test [8dfed614-e22c-5e08-85e1-65c5234f0b40]
└ @ Base loading.jl:1299
┌ Debug: Loading object cache file /tmp/.mount_JuliaRKdCJEC/usr/share/julia/depot/compiled/v1.12/MutableArithmetics/EoEec_KqawC.so for MutableArithmetics [d8a4904e-b15c-11e9-3269-09a3773c0cb0]
└ @ Base loading.jl:1299
┌ Debug: Loading object cache file /tmp/.mount_JuliaRKdCJEC/usr/share/julia/depot/compiled/v1.12/StarAlgebras/kbSI0_KqawC.so for StarAlgebras [0c0c59c1-dc5f-42e9-9a8b-b5dc384a6cd1]
└ @ Base loading.jl:1299
┌ Debug: Loading object cache file /tmp/.mount_JuliaRKdCJEC/usr/share/julia/depot/compiled/v1.12/MultivariatePolynomials/yfiyP_KqawC.so for MultivariatePolynomials [102ac46a-7ee4-5c85-9060-abc95bfdeaa3]
└ @ Base loading.jl:1299
┌ Debug: Loading object cache file /tmp/.mount_JuliaRKdCJEC/usr/share/julia/depot/compiled/v1.12/ArrayInterfaceSparseArraysExt/3nhwj_KqawC.so for ArrayInterfaceSparseArraysExt [df319534-c31f-52ad-82d4-403d3787952e]
└ @ Base loading.jl:1299
┌ Debug: Loading object cache file /tmp/.mount_JuliaRKdCJEC/usr/share/julia/depot/compiled/v1.12/InverseFunctionsTestExt/iqUmc_KqawC.so for InverseFunctionsTestExt [05f3ecc3-30a3-5b98-a414-5bae29b80c93]
└ @ Base loading.jl:1299
┌ Debug: Loading object cache file /tmp/.mount_JuliaRKdCJEC/usr/share/julia/depot/compiled/v1.12/TestExt/hMow3_KqawC.so for TestExt [62af87b3-b810-57d2-b7eb-8929911df373]
└ @ Base loading.jl:1299
┌ Debug: Loading object cache file /tmp/.mount_JuliaRKdCJEC/usr/share/julia/depot/compiled/v1.12/DynamicPolynomials/tepBk_KqawC.so for DynamicPolynomials [7c1d4256-1411-5781-91ec-d7bc3513ac07]
└ @ Base loading.jl:1299
┌ Debug: Loading object cache file /tmp/.mount_JuliaRKdCJEC/usr/share/julia/depot/compiled/v1.12/ReadOnlyArrays/miCpG_KqawC.so for ReadOnlyArrays [988b38a3-91fc-5605-94a2-ee2116b3bd83]
└ @ Base loading.jl:1299
┌ Debug: Loading object cache file /tmp/.mount_JuliaRKdCJEC/usr/share/julia/depot/compiled/v1.12/SimpleTraits/pLp8z_KqawC.so for SimpleTraits [699a6c99-e7fa-54fc-8d76-47d257e15c1d]
└ @ Base loading.jl:1299
┌ Debug: Loading object cache file /tmp/.mount_JuliaRKdCJEC/usr/share/julia/depot/compiled/v1.12/ArnoldiMethod/zP00S_KqawC.so for ArnoldiMethod [ec485272-7323-5ecc-a04f-4719b315124d]
└ @ Base loading.jl:1299
┌ Debug: Loading object cache file /tmp/.mount_JuliaRKdCJEC/usr/share/julia/depot/compiled/v1.12/Statistics/ERcPL_KqawC.so for Statistics [10745b16-79ce-11e8-11f9-7d13ad32a3b2]
└ @ Base loading.jl:1299
┌ Debug: Loading object cache file /tmp/.mount_JuliaRKdCJEC/usr/share/julia/depot/compiled/v1.12/StaticArraysStatisticsExt/EfhbW_KqawC.so for StaticArraysStatisticsExt [3453fcb0-342e-5e4a-a93b-f2e19ba3ba0f]
└ @ Base loading.jl:1299
┌ Debug: Loading object cache file /tmp/.mount_JuliaRKdCJEC/usr/share/julia/depot/compiled/v1.12/Inflate/oRyTr_KqawC.so for Inflate [d25df0c9-e2be-5dd7-82c8-3ad0b3e990b9]
└ @ Base loading.jl:1299
┌ Debug: Loading object cache file /tmp/.mount_JuliaRKdCJEC/usr/share/julia/depot/compiled/v1.12/SparseArraysExt/k0lPI_KqawC.so for SparseArraysExt [c399192f-b7ce-5053-9844-b5b6ade3ad52]
└ @ Base loading.jl:1299
┌ Debug: Loading object cache file /tmp/.mount_JuliaRKdCJEC/usr/share/julia/depot/compiled/v1.12/Graphs/VJ6vx_KqawC.so for Graphs [86223c79-3864-5bf0-83f7-82e725a168b6]
└ @ Base loading.jl:1299
┌ Debug: Loading object cache file /tmp/.mount_JuliaRKdCJEC/usr/share/julia/depot/compiled/v1.12/StaticArraysExt/sIz4V_KqawC.so for StaticArraysExt [6207fee4-2535-5e24-a3ba-6518da1c7d2a]
└ @ Base loading.jl:1299
┌ Debug: Loading object cache file /tmp/.mount_JuliaRKdCJEC/usr/share/julia/depot/compiled/v1.12/IrrationalConstants/ukdUG_KqawC.so for IrrationalConstants [92d709cd-6900-40b7-9082-c6be49f344b6]
└ @ Base loading.jl:1299
┌ Debug: Loading object cache file /tmp/.mount_JuliaRKdCJEC/usr/share/julia/depot/compiled/v1.12/LogExpFunctions/cmCYR_KqawC.so for LogExpFunctions [2ab3a3ac-af41-5b50-aa03-7779005ae688]
└ @ Base loading.jl:1299
┌ Debug: Loading object cache file /tmp/.mount_JuliaRKdCJEC/usr/share/julia/depot/compiled/v1.12/OpenLibm_jll/ToVO1_KqawC.so for OpenLibm_jll [05823500-19ac-5b8b-9628-191a04bc5112]
└ @ Base loading.jl:1299
┌ Debug: Loading object cache file /tmp/.mount_JuliaRKdCJEC/usr/share/julia/depot/compiled/v1.12/OpenSpecFun_jll/TDl1L_KqawC.so for OpenSpecFun_jll [efe28fd5-8261-553b-a9e1-b2916fc3738e]
└ @ Base loading.jl:1299
┌ Debug: Loading object cache file /tmp/.mount_JuliaRKdCJEC/usr/share/julia/depot/compiled/v1.12/SpecialFunctions/78gOt_KqawC.so for SpecialFunctions [276daf66-3868-5448-9aa4-cd146d93841b]
└ @ Base loading.jl:1299
┌ Debug: Loading object cache file /tmp/.mount_JuliaRKdCJEC/usr/share/julia/depot/compiled/v1.12/LogExpFunctionsInverseFunctionsExt/IXKft_KqawC.so for LogExpFunctionsInverseFunctionsExt [1e5f9c58-a15c-5ce5-87cf-a68a2eda25d9]
└ @ Base loading.jl:1299
┌ Debug: Loading object cache file /tmp/.mount_JuliaRKdCJEC/usr/share/julia/depot/compiled/v1.12/NaNMath/k9Y1O_KqawC.so for NaNMath [77ba4419-2d1f-58cd-9bb1-8ffee604a2e3]
└ @ Base loading.jl:1299
┌ Debug: Loading object cache file /tmp/.mount_JuliaRKdCJEC/usr/share/julia/depot/compiled/v1.12/AbstractTrees/tEX7J_KqawC.so for AbstractTrees [1520ce14-60c1-5f80-bbc7-55ef81b5835c]
└ @ Base loading.jl:1299
┌ Debug: Loading object cache file /tmp/.mount_JuliaRKdCJEC/usr/share/julia/depot/compiled/v1.12/Combinatorics/AwRuT_KqawC.so for Combinatorics [861a8166-3701-5b0c-9a16-15d98fcdc6aa]
└ @ Base loading.jl:1299
┌ Debug: Loading object cache file /tmp/.mount_JuliaRKdCJEC/usr/share/julia/depot/compiled/v1.12/SymbolicUtils/flNzo_KqawC.so for SymbolicUtils [d1185830-fcd6-423d-90d6-eec64667417b]
└ @ Base loading.jl:1299
┌ Debug: Loading object cache file /tmp/.mount_JuliaRKdCJEC/usr/share/julia/depot/compiled/v1.12/IntervalSetsExt/TQHvG_KqawC.so for IntervalSetsExt [71b72403-3d0d-5ec7-be98-551cc85f009b]
└ @ Base loading.jl:1299
┌ Debug: Loading object cache file /tmp/.mount_JuliaRKdCJEC/usr/share/julia/depot/compiled/v1.12/IntervalSetsStatisticsExt/TaqYo_KqawC.so for IntervalSetsStatisticsExt [4669a702-d83a-5010-9a36-51bb7e898c10]
└ @ Base loading.jl:1299
┌ Debug: Loading object cache file /tmp/.mount_JuliaRKdCJEC/usr/share/julia/depot/compiled/v1.12/SymbolicLimits/SA6sO_KqawC.so for SymbolicLimits [19f23fe9-fdab-4a78-91af-e7b7767979c3]
└ @ Base loading.jl:1299
┌ Debug: Loading object cache file /tmp/.mount_JuliaRKdCJEC/usr/share/julia/depot/compiled/v1.12/ADTypes/czFbS_KqawC.so for ADTypes [47edcb42-4c32-4615-8424-f2b9edc5f35b]
└ @ Base loading.jl:1299
┌ Debug: Loading object cache file /tmp/.mount_JuliaRKdCJEC/usr/share/julia/depot/compiled/v1.12/ADTypesConstructionBaseExt/1jNpr_KqawC.so for ADTypesConstructionBaseExt [ce394640-727c-5b1c-8cad-c739d5af1b37]
└ @ Base loading.jl:1299
┌ Debug: Loading object cache file /tmp/.mount_JuliaRKdCJEC/usr/share/julia/depot/compiled/v1.12/SciMLPublic/Cv5x5_KqawC.so for SciMLPublic [431bcebd-1456-4ced-9d72-93c2757fff0b]
└ @ Base loading.jl:1299
┌ Debug: Loading object cache file /tmp/.mount_JuliaRKdCJEC/usr/share/julia/depot/compiled/v1.12/AbstractPlutoDingetjes/UHbnu_KqawC.so for AbstractPlutoDingetjes [6e696c72-6542-2067-7265-42206c756150]
└ @ Base loading.jl:1299
┌ Debug: Loading object cache file /tmp/.mount_JuliaRKdCJEC/usr/share/julia/depot/compiled/v1.12/Bijections/QtmEu_KqawC.so for Bijections [e2ed5e7c-b2de-5872-ae92-c73ca462fb04]
└ @ Base loading.jl:1299
┌ Debug: Loading object cache file /tmp/.mount_JuliaRKdCJEC/usr/share/julia/depot/compiled/v1.12/DiffRules/x2ZNk_KqawC.so for DiffRules [b552c78f-8df3-52c6-915a-8e097449b14b]
└ @ Base loading.jl:1299
┌ Debug: Loading object cache file /tmp/.mount_JuliaRKdCJEC/usr/share/julia/depot/compiled/v1.12/RecipesBase/8e2Mm_KqawC.so for RecipesBase [3cdcf5f2-1ef4-517c-9805-6587b60abb01]
└ @ Base loading.jl:1299
┌ Debug: Loading object cache file /tmp/.mount_JuliaRKdCJEC/usr/share/julia/depot/compiled/v1.12/IntervalSetsRecipesBaseExt/wAeAb_KqawC.so for IntervalSetsRecipesBaseExt [37015e66-589a-58b1-bfae-83565f1dedb3]
└ @ Base loading.jl:1299
┌ Debug: Loading object cache file /tmp/.mount_JuliaRKdCJEC/usr/share/julia/depot/compiled/v1.12/Symbolics/eABRO_KqawC.so for Symbolics [0c5d862f-8b57-4792-8d23-62f2024744c7]
└ @ Base loading.jl:1299
┌ Debug: Loading object cache file /tmp/.mount_JuliaRKdCJEC/usr/share/julia/depot/compiled/v1.12/Unicode/E4Hzs_KqawC.so for Unicode [4ec0a83e-493e-50e2-b9ac-8f72acf5a8f5]
└ @ Base loading.jl:1299
┌ Debug: Loading object cache file /tmp/.mount_JuliaRKdCJEC/usr/share/julia/depot/compiled/v1.12/REPL/u0gqU_KqawC.so for REPL [3fa0cd96-eef1-5676-8a61-b3b8758bbffb]
└ @ Base loading.jl:1299
┌ Debug: Loading object cache file /tmp/.mount_JuliaRKdCJEC/usr/share/julia/depot/compiled/v1.12/OffsetArrays/UDEDl_KqawC.so for OffsetArrays [6fe1bfb0-de20-5000-8ca7-80f57d26f881]
└ @ Base loading.jl:1299
┌ Debug: Loading object cache file /tmp/.mount_JuliaRKdCJEC/usr/share/julia/depot/compiled/v1.12/FillArrays/2Dg1l_KqawC.so for FillArrays [1a297f60-69ca-5386-bcde-b61e274b549b]
└ @ Base loading.jl:1299
┌ Debug: Loading object cache file /tmp/.mount_JuliaRKdCJEC/usr/share/julia/depot/compiled/v1.12/FillArraysStaticArraysExt/tgVPO_KqawC.so for FillArraysStaticArraysExt [de7d94bd-39d2-5101-8358-60ace59cd63e]
└ @ Base loading.jl:1299
┌ Debug: Loading object cache file /tmp/.mount_JuliaRKdCJEC/usr/share/julia/depot/compiled/v1.12/ArrayLayouts/QloHc_KqawC.so for ArrayLayouts [4c555306-a7a7-4459-81d9-ec55ddd5c99a]
└ @ Base loading.jl:1299
┌ Debug: Loading object cache file /tmp/.mount_JuliaRKdCJEC/usr/share/julia/depot/compiled/v1.12/BlockArrays/Ebz77_KqawC.so for BlockArrays [8e7c35d0-a365-5155-bbbb-fb81a777f24e]
└ @ Base loading.jl:1299
┌ Debug: Loading object cache file /tmp/.mount_JuliaRKdCJEC/usr/share/julia/depot/compiled/v1.12/FillArraysSparseArraysExt/pkjPP_KqawC.so for FillArraysSparseArraysExt [44fc9386-74a0-5599-8935-2652d5510edb]
└ @ Base loading.jl:1299
┌ Debug: Loading object cache file /tmp/.mount_JuliaRKdCJEC/usr/share/julia/depot/compiled/v1.12/FillArraysStatisticsExt/Cj02z_KqawC.so for FillArraysStatisticsExt [6aab314e-91af-578f-94bd-30d484db1c87]
└ @ Base loading.jl:1299
┌ Debug: Loading object cache file /tmp/.mount_JuliaRKdCJEC/usr/share/julia/depot/compiled/v1.12/ArrayLayoutsSparseArraysExt/S7LmV_KqawC.so for ArrayLayoutsSparseArraysExt [799be74e-1e2d-5572-a940-be51e44bc939]
└ @ Base loading.jl:1299
┌ Debug: Loading object cache file /tmp/.mount_JuliaRKdCJEC/usr/share/julia/depot/compiled/v1.12/FastPower/kPYHY_KqawC.so for FastPower [a4df4552-cc26-4903-aec0-212e50a0e84b]
└ @ Base loading.jl:1299
┌ Debug: Loading object cache file /tmp/.mount_JuliaRKdCJEC/usr/share/julia/depot/compiled/v1.12/FunctionWrappers/wbVUX_KqawC.so for FunctionWrappers [069b7b12-0de2-55c6-9aab-29f3d0a68a2e]
└ @ Base loading.jl:1299
┌ Debug: Loading object cache file /tmp/.mount_JuliaRKdCJEC/usr/share/julia/depot/compiled/v1.12/MuladdMacro/myzFY_KqawC.so for MuladdMacro [46d2c3a1-f734-5fdb-9937-b9b9aeba4221]
└ @ Base loading.jl:1299
┌ Debug: Loading object cache file /tmp/.mount_JuliaRKdCJEC/usr/share/julia/depot/compiled/v1.12/FastBroadcast/4ZWkL_KqawC.so for FastBroadcast [7034ab61-46d4-4ed7-9d0f-46aef9175898]
└ @ Base loading.jl:1299
┌ Debug: Loading object cache file /tmp/.mount_JuliaRKdCJEC/usr/share/julia/depot/compiled/v1.12/Adapt/rUIgN_KqawC.so for Adapt [79e6a3ab-5dfb-504d-930d-738a2a938a0e]
└ @ Base loading.jl:1299
┌ Debug: Loading object cache file /tmp/.mount_JuliaRKdCJEC/usr/share/julia/depot/compiled/v1.12/GPUArraysCore/qiYUe_KqawC.so for GPUArraysCore [46192b85-c4d5-4398-a991-12ede77f4527]
└ @ Base loading.jl:1299
┌ Debug: Loading object cache file /tmp/.mount_JuliaRKdCJEC/usr/share/julia/depot/compiled/v1.12/ArrayInterfaceGPUArraysCoreExt/sVb8r_KqawC.so for ArrayInterfaceGPUArraysCoreExt [f5566fad-042a-5915-b3b1-71de67883923]
└ @ Base loading.jl:1299
┌ Debug: Loading object cache file /tmp/.mount_JuliaRKdCJEC/usr/share/julia/depot/compiled/v1.12/RecursiveArrayTools/6B7tG_KqawC.so for RecursiveArrayTools [731186ca-8d62-57ce-b412-fbd966d074cd]
└ @ Base loading.jl:1299
┌ Debug: Loading object cache file /tmp/.mount_JuliaRKdCJEC/usr/share/julia/depot/compiled/v1.12/RecursiveArrayToolsFastBroadcastExt/xYqlt_KqawC.so for RecursiveArrayToolsFastBroadcastExt [42296aa8-c874-5f57-b5c1-8d6f5ebd5400]
└ @ Base loading.jl:1299
┌ Debug: Loading object cache file /tmp/.mount_JuliaRKdCJEC/usr/share/julia/depot/compiled/v1.12/TruncatedStacktraces/pIUUk_KqawC.so for TruncatedStacktraces [781d530d-4396-4725-bb49-402e4bee1e77]
└ @ Base loading.jl:1299
┌ Debug: Loading object cache file /tmp/.mount_JuliaRKdCJEC/usr/share/julia/depot/compiled/v1.12/ConcreteStructs/KdMNv_KqawC.so for ConcreteStructs [2569d6c7-a4a2-43d3-a901-331e8e4be471]
└ @ Base loading.jl:1299
┌ Debug: Loading object cache file /tmp/.mount_JuliaRKdCJEC/usr/share/julia/depot/compiled/v1.12/FastClosures/x4yT8_KqawC.so for FastClosures [9aa1b823-49e4-5ca5-8b0f-3971ec8bab6a]
└ @ Base loading.jl:1299
┌ Debug: Loading object cache file /tmp/.mount_JuliaRKdCJEC/usr/share/julia/depot/compiled/v1.12/FunctionWrappersWrappers/e68Y1_KqawC.so for FunctionWrappersWrappers [77dc65aa-8811-40c2-897b-53d922fa7daf]
└ @ Base loading.jl:1299
┌ Debug: Loading object cache file /tmp/.mount_JuliaRKdCJEC/usr/share/julia/depot/compiled/v1.12/SciMLStructures/TEBpV_KqawC.so for SciMLStructures [53ae85a6-f571-4167-b2af-e1d143709226]
└ @ Base loading.jl:1299
┌ Debug: Loading object cache file /tmp/.mount_JuliaRKdCJEC/usr/share/julia/depot/compiled/v1.12/RecursiveArrayToolsStatisticsExt/cd7k9_KqawC.so for RecursiveArrayToolsStatisticsExt [50282732-812c-594b-adfe-8a041f888e43]
└ @ Base loading.jl:1299
┌ Debug: Loading object cache file /tmp/.mount_JuliaRKdCJEC/usr/share/julia/depot/compiled/v1.12/Distributed/Pq94q_KqawC.so for Distributed [8ba89e20-285c-5b6f-9357-94700520ee1b]
└ @ Base loading.jl:1299
┌ Debug: Loading object cache file /tmp/.mount_JuliaRKdCJEC/usr/share/julia/depot/compiled/v1.12/PreallocationTools/Oxvdk_KqawC.so for PreallocationTools [d236fae5-4411-538c-8e31-a6e3d9e00b46]
└ @ Base loading.jl:1299
┌ Debug: Loading object cache file /tmp/.mount_JuliaRKdCJEC/usr/share/julia/depot/compiled/v1.12/IteratorInterfaceExtensions/N0h8q_KqawC.so for IteratorInterfaceExtensions [82899510-4779-5014-852e-03e436cf321d]
└ @ Base loading.jl:1299
┌ Debug: Loading object cache file /tmp/.mount_JuliaRKdCJEC/usr/share/julia/depot/compiled/v1.12/CommonSolve/zEcGf_KqawC.so for CommonSolve [38540f10-b2f7-11e9-35d8-d573e4eb0ff2]
└ @ Base loading.jl:1299
┌ Debug: Loading object cache file /tmp/.mount_JuliaRKdCJEC/usr/share/julia/depot/compiled/v1.12/SciMLOperators/G7AwB_KqawC.so for SciMLOperators [c0aeaf25-5076-4817-a8d5-81caf7dfa961]
└ @ Base loading.jl:1299
┌ Debug: Loading object cache file /tmp/.mount_JuliaRKdCJEC/usr/share/julia/depot/compiled/v1.12/SciMLOperatorsStaticArraysCoreExt/1x2Xl_KqawC.so for SciMLOperatorsStaticArraysCoreExt [a2df0a61-553a-563b-aed7-0ce21874eb58]
└ @ Base loading.jl:1299
┌ Debug: Loading object cache file /tmp/.mount_JuliaRKdCJEC/usr/share/julia/depot/compiled/v1.12/LoggingExtras/9fRHf_KqawC.so for LoggingExtras [e6f89c97-d47a-5376-807f-9c37f3926c36]
└ @ Base loading.jl:1299
┌ Debug: Loading object cache file /tmp/.mount_JuliaRKdCJEC/usr/share/julia/depot/compiled/v1.12/SciMLLogging/yEbND_KqawC.so for SciMLLogging [a6db7da4-7206-11f0-1eab-35f2a5dbe1d1]
└ @ Base loading.jl:1299
┌ Debug: Loading object cache file /tmp/.mount_JuliaRKdCJEC/usr/share/julia/depot/compiled/v1.12/SciMLBase/jigfq_KqawC.so for SciMLBase [0bca4576-84f4-4d90-8ffe-ffa030f20462]
└ @ Base loading.jl:1299
┌ Debug: Loading object cache file /tmp/.mount_JuliaRKdCJEC/usr/share/julia/depot/compiled/v1.12/UUIDs/SIw1t_KqawC.so for UUIDs [cf7118a7-6976-5b1a-9a39-7adc72f591a4]
└ @ Base loading.jl:1299
┌ Debug: Loading object cache file /tmp/.mount_JuliaRKdCJEC/usr/share/julia/depot/compiled/v1.12/Compat/GSFWK_KqawC.so for Compat [34da2185-b29b-5c13-b0c7-acf172513d20]
└ @ Base loading.jl:1299
┌ Debug: Loading object cache file /tmp/.mount_JuliaRKdCJEC/usr/share/julia/depot/compiled/v1.12/CompatLinearAlgebraExt/Zxpzq_KqawC.so for CompatLinearAlgebraExt [dbe5ba0b-aecc-598a-a867-79051b540f49]
└ @ Base loading.jl:1299
┌ Debug: Loading object cache file /tmp/.mount_JuliaRKdCJEC/usr/share/julia/depot/compiled/v1.12/DifferentiationInterface/eUOjg_KqawC.so for DifferentiationInterface [a0c0ee7d-e4b9-4e03-894e-1c5f64a51d63]
└ @ Base loading.jl:1299
┌ Debug: Loading object cache file /tmp/.mount_JuliaRKdCJEC/usr/share/julia/depot/compiled/v1.12/EnzymeCore/wvtg5_KqawC.so for EnzymeCore [f151be2c-9106-41f4-ab19-57ee4f262869]
└ @ Base loading.jl:1299
┌ Debug: Loading object cache file /tmp/.mount_JuliaRKdCJEC/usr/share/julia/depot/compiled/v1.12/ADTypesEnzymeCoreExt/KQ4Cg_KqawC.so for ADTypesEnzymeCoreExt [aa58ca41-318e-555d-8da8-c32c79a87c61]
└ @ Base loading.jl:1299
┌ Debug: Loading object cache file /tmp/.mount_JuliaRKdCJEC/usr/share/julia/depot/compiled/v1.12/CommonSolveEnzymeCoreExt/l31ze_KqawC.so for CommonSolveEnzymeCoreExt [bee11490-7d24-5f50-a467-210fb2277375]
└ @ Base loading.jl:1299
┌ Debug: Loading object cache file /tmp/.mount_JuliaRKdCJEC/usr/share/julia/depot/compiled/v1.12/AdaptExt/lFFof_KqawC.so for AdaptExt [76ca3d51-d1df-55a8-b3af-348c372b9e3e]
└ @ Base loading.jl:1299
┌ Debug: Loading object cache file /tmp/.mount_JuliaRKdCJEC/usr/share/julia/depot/compiled/v1.12/MaybeInplace/MnrwM_KqawC.so for MaybeInplace [bb5d69b7-63fc-4a16-80bd-7e42200c7bdb]
└ @ Base loading.jl:1299
┌ Debug: Loading object cache file /tmp/.mount_JuliaRKdCJEC/usr/share/julia/depot/compiled/v1.12/DifferentiationInterfaceGPUArraysCoreExt/XwYg3_KqawC.so for DifferentiationInterfaceGPUArraysCoreExt [84466896-9be0-59d9-a6c0-1e4e2a5f5925]
└ @ Base loading.jl:1299
┌ Debug: Loading object cache file /tmp/.mount_JuliaRKdCJEC/usr/share/julia/depot/compiled/v1.12/SciMLBaseDifferentiationInterfaceExt/gheFz_KqawC.so for SciMLBaseDifferentiationInterfaceExt [61c4812a-2cb6-58ab-bd42-a7cbe32d188a]
└ @ Base loading.jl:1299
┌ Debug: Loading object cache file /tmp/.mount_JuliaRKdCJEC/usr/share/julia/depot/compiled/v1.12/SciMLJacobianOperators/2XYid_KqawC.so for SciMLJacobianOperators [19f34311-ddf3-4b8b-af20-060888a46c0e]
└ @ Base loading.jl:1299
┌ Debug: Loading object cache file /tmp/.mount_JuliaRKdCJEC/usr/share/julia/depot/compiled/v1.12/NonlinearSolveBase/gSMCH_KqawC.so for NonlinearSolveBase [be0214bd-f91f-a760-ac4e-3421ce2b2da0]
└ @ Base loading.jl:1299
┌ Debug: Loading object cache file /tmp/.mount_JuliaRKdCJEC/usr/share/julia/depot/compiled/v1.12/BracketingNonlinearSolve/dghrV_KqawC.so for BracketingNonlinearSolve [70df07ce-3d50-431d-a3e7-ca6ddb60ac1e]
└ @ Base loading.jl:1299
┌ Debug: Loading object cache file /tmp/.mount_JuliaRKdCJEC/usr/share/julia/depot/compiled/v1.12/DiffEqBase/oaevG_KqawC.so for DiffEqBase [2b5f629d-d688-5b77-993f-72d75c75574e]
└ @ Base loading.jl:1299
┌ Debug: Loading object cache file /tmp/.mount_JuliaRKdCJEC/usr/share/julia/depot/compiled/v1.12/OffsetArraysAdaptExt/evlsb_KqawC.so for OffsetArraysAdaptExt [9ea13c92-b805-51cc-a17e-c5d4dc71a5cc]
└ @ Base loading.jl:1299
┌ Debug: Loading object cache file /tmp/.mount_JuliaRKdCJEC/usr/share/julia/depot/compiled/v1.12/BlockArraysAdaptExt/RuRLJ_KqawC.so for BlockArraysAdaptExt [fc5234f5-abb4-5494-8d03-d0598ef5cb69]
└ @ Base loading.jl:1299
┌ Debug: Loading object cache file /tmp/.mount_JuliaRKdCJEC/usr/share/julia/depot/compiled/v1.12/AdaptStaticArraysExt/9bCdf_KqawC.so for AdaptStaticArraysExt [e1699a77-9e31-5da8-bb3e-0a796f95f0a0]
└ @ Base loading.jl:1299
┌ Debug: Loading object cache file /tmp/.mount_JuliaRKdCJEC/usr/share/julia/depot/compiled/v1.12/AdaptSparseArraysExt/7qfxl_KqawC.so for AdaptSparseArraysExt [c3128895-b67d-5ae3-9236-5571f71145f1]
└ @ Base loading.jl:1299
┌ Debug: Loading object cache file /tmp/.mount_JuliaRKdCJEC/usr/share/julia/depot/compiled/v1.12/RecursiveArrayToolsSparseArraysExt/bbZ8J_KqawC.so for RecursiveArrayToolsSparseArraysExt [73e54eaf-3344-511d-b088-1ac5413eca63]
└ @ Base loading.jl:1299
┌ Debug: Loading object cache file /tmp/.mount_JuliaRKdCJEC/usr/share/julia/depot/compiled/v1.12/SciMLOperatorsSparseArraysExt/XG7P7_KqawC.so for SciMLOperatorsSparseArraysExt [9985400b-97ec-5583-b534-4f70b643bcf7]
└ @ Base loading.jl:1299
┌ Debug: Loading object cache file /tmp/.mount_JuliaRKdCJEC/usr/share/julia/depot/compiled/v1.12/SciMLBaseStaticArraysExt/3nxZk_KqawC.so for SciMLBaseStaticArraysExt [5b83539a-f298-5ff2-959c-dab10d45daf0]
└ @ Base loading.jl:1299
┌ Debug: Loading object cache file /tmp/.mount_JuliaRKdCJEC/usr/share/julia/depot/compiled/v1.12/DifferentiationInterfaceStaticArraysExt/etrLL_KqawC.so for DifferentiationInterfaceStaticArraysExt [a583ad16-7f3e-50a1-a3ab-8640d85ec5ce]
└ @ Base loading.jl:1299
┌ Debug: Loading object cache file /tmp/.mount_JuliaRKdCJEC/usr/share/julia/depot/compiled/v1.12/DifferentiationInterfaceSparseArraysExt/3G6Ie_KqawC.so for DifferentiationInterfaceSparseArraysExt [b08b8115-38b0-5317-86de-b806e26a31fc]
└ @ Base loading.jl:1299
┌ Debug: Loading object cache file /tmp/.mount_JuliaRKdCJEC/usr/share/julia/depot/compiled/v1.12/DifferentiationInterfaceSymbolicsExt/Vppap_KqawC.so for DifferentiationInterfaceSymbolicsExt [e6c02559-e2b6-5021-bc6e-a9f025c2d0c8]
└ @ Base loading.jl:1299
┌ Debug: Loading object cache file /tmp/.mount_JuliaRKdCJEC/usr/share/julia/depot/compiled/v1.12/MaybeInplaceSparseArraysExt/dkTKt_KqawC.so for MaybeInplaceSparseArraysExt [9c97de4a-2903-5b9c-add6-4b1aaffe4ab8]
└ @ Base loading.jl:1299
┌ Debug: Loading object cache file /tmp/.mount_JuliaRKdCJEC/usr/share/julia/depot/compiled/v1.12/NonlinearSolveBaseSparseArraysExt/lETim_KqawC.so for NonlinearSolveBaseSparseArraysExt [8494477e-8a74-521a-b11a-5a22161b1bc8]
└ @ Base loading.jl:1299
┌ Debug: Loading object cache file /tmp/.mount_JuliaRKdCJEC/usr/share/julia/depot/compiled/v1.12/DiffEqBaseSparseArraysExt/0NGOQ_KqawC.so for DiffEqBaseSparseArraysExt [4131c53f-b1d6-5635-a7a3-57f6f930b644]
└ @ Base loading.jl:1299
┌ Debug: Loading object cache file /tmp/.mount_JuliaRKdCJEC/usr/share/julia/depot/compiled/v1.12/DiffResults/vlfPe_KqawC.so for DiffResults [163ba53b-c6d8-5494-b064-1a9d43ac40c5]
└ @ Base loading.jl:1299
┌ Debug: Loading object cache file /tmp/.mount_JuliaRKdCJEC/usr/share/julia/depot/compiled/v1.12/CommonSubexpressions/VMTKN_KqawC.so for CommonSubexpressions [bbf7d656-a473-5ed7-a52c-81e309532950]
└ @ Base loading.jl:1299
┌ Debug: Loading object cache file /tmp/.mount_JuliaRKdCJEC/usr/share/julia/depot/compiled/v1.12/ForwardDiff/k0ETY_KqawC.so for ForwardDiff [f6369f11-7733-5829-9624-2563aa707210]
└ @ Base loading.jl:1299
┌ Debug: Loading object cache file /tmp/.mount_JuliaRKdCJEC/usr/share/julia/depot/compiled/v1.12/SymbolicsForwardDiffExt/of01m_KqawC.so for SymbolicsForwardDiffExt [4a213a23-c09c-5cde-9712-b631ad2c72df]
└ @ Base loading.jl:1299
┌ Debug: Loading object cache file /tmp/.mount_JuliaRKdCJEC/usr/share/julia/depot/compiled/v1.12/FastPowerForwardDiffExt/MZ7IA_KqawC.so for FastPowerForwardDiffExt [48044e0b-3c16-5d83-8991-8f3f66d5c029]
└ @ Base loading.jl:1299
┌ Debug: Loading object cache file /tmp/.mount_JuliaRKdCJEC/usr/share/julia/depot/compiled/v1.12/RecursiveArrayToolsForwardDiffExt/hFOID_KqawC.so for RecursiveArrayToolsForwardDiffExt [14203109-85fb-5f77-af23-1cb7d9032242]
└ @ Base loading.jl:1299
┌ Debug: Loading object cache file /tmp/.mount_JuliaRKdCJEC/usr/share/julia/depot/compiled/v1.12/PreallocationToolsForwardDiffExt/jg8dw_KqawC.so for PreallocationToolsForwardDiffExt [34a8f204-0c2c-5664-bafb-c14baecaa342]
└ @ Base loading.jl:1299
┌ Debug: Loading object cache file /tmp/.mount_JuliaRKdCJEC/usr/share/julia/depot/compiled/v1.12/SciMLBaseForwardDiffExt/BdATY_KqawC.so for SciMLBaseForwardDiffExt [53f9bee7-1433-5cb3-b0ab-2dd3fda1e9bd]
└ @ Base loading.jl:1299
┌ Debug: Loading object cache file /tmp/.mount_JuliaRKdCJEC/usr/share/julia/depot/compiled/v1.12/NonlinearSolveBaseForwardDiffExt/oNrAt_KqawC.so for NonlinearSolveBaseForwardDiffExt [63d416d0-6995-5965-81e0-55251226d976]
└ @ Base loading.jl:1299
┌ Debug: Loading object cache file /tmp/.mount_JuliaRKdCJEC/usr/share/julia/depot/compiled/v1.12/BracketingNonlinearSolveForwardDiffExt/ak3V3_KqawC.so for BracketingNonlinearSolveForwardDiffExt [bb716554-e89b-5af4-bfb6-0f88eb8bb218]
└ @ Base loading.jl:1299
┌ Debug: Loading object cache file /tmp/.mount_JuliaRKdCJEC/usr/share/julia/depot/compiled/v1.12/DiffEqBaseForwardDiffExt/1huZ6_KqawC.so for DiffEqBaseForwardDiffExt [1fe0b789-d9ca-5274-abe4-f8a8503e5a20]
└ @ Base loading.jl:1299
┌ Debug: Loading object cache file /tmp/.mount_JuliaRKdCJEC/usr/share/julia/depot/compiled/v1.12/ForwardDiffStaticArraysExt/QQ4BU_KqawC.so for ForwardDiffStaticArraysExt [b74fd6d0-9da7-541f-a07d-1b6af30a262f]
└ @ Base loading.jl:1299
┌ Debug: Loading object cache file /tmp/.mount_JuliaRKdCJEC/usr/share/julia/depot/compiled/v1.12/SymbolicsPreallocationToolsExt/lEgDt_KqawC.so for SymbolicsPreallocationToolsExt [d479e226-fb54-5ebe-a75e-a7af7f39127f]
└ @ Base loading.jl:1299
┌ Debug: Loading object cache file /tmp/.mount_JuliaRKdCJEC/usr/share/julia/depot/compiled/v1.12/DifferentiationInterfaceForwardDiffExt/DTVAk_KqawC.so for DifferentiationInterfaceForwardDiffExt [9b811ce9-db61-5a34-8340-8bb6e57a7c74]
└ @ Base loading.jl:1299
┌ Debug: Loading object cache file /tmp/.mount_JuliaRKdCJEC/usr/share/julia/depot/compiled/v1.12/SCCNonlinearSolve/N7lkR_KqawC.so for SCCNonlinearSolve [9dfe8606-65a1-4bb3-9748-cb89d1561431]
└ @ Base loading.jl:1299
┌ Debug: Loading object cache file /tmp/.mount_JuliaRKdCJEC/usr/share/julia/depot/compiled/v1.12/LineSearch/455PL_KqawC.so for LineSearch [87fe0de2-c867-4266-b59a-2f0a94fc965b]
└ @ Base loading.jl:1299
┌ Debug: Loading object cache file /tmp/.mount_JuliaRKdCJEC/usr/share/julia/depot/compiled/v1.12/Krylov/0fcC3_KqawC.so for Krylov [ba0b0d4f-ebba-5204-a429-3ac8c609bfb7]
└ @ Base loading.jl:1299
┌ Debug: Loading object cache file /tmp/.mount_JuliaRKdCJEC/usr/share/julia/depot/compiled/v1.12/NetworkOptions/J8H6s_KqawC.so for NetworkOptions [ca575930-c2e3-43a9-ace4-1e988b2c1908]
└ @ Base loading.jl:1299
┌ Debug: Loading object cache file /tmp/.mount_JuliaRKdCJEC/usr/share/julia/depot/compiled/v1.12/OpenSSL_jll/M3X35_KqawC.so for OpenSSL_jll [458c3c95-2e84-50aa-8efc-19380b2a3a95]
└ @ Base loading.jl:1299
┌ Debug: Loading object cache file /tmp/.mount_JuliaRKdCJEC/usr/share/julia/depot/compiled/v1.12/LibSSH2_jll/K6mup_KqawC.so for LibSSH2_jll [29816b5a-b9ab-546f-933c-edad1886dfa8]
└ @ Base loading.jl:1299
┌ Debug: Loading object cache file /tmp/.mount_JuliaRKdCJEC/usr/share/julia/depot/compiled/v1.12/LibGit2_jll/nfCpg_KqawC.so for LibGit2_jll [e37daf67-58a4-590a-8e99-b0245dd2ffc5]
└ @ Base loading.jl:1299
┌ Debug: Loading object cache file /tmp/.mount_JuliaRKdCJEC/usr/share/julia/depot/compiled/v1.12/LibGit2/xrYJZ_KqawC.so for LibGit2 [76f85450-5226-5b5a-8eaa-529ad045b433]
└ @ Base loading.jl:1299
┌ Debug: Loading object cache file /tmp/.mount_JuliaRKdCJEC/usr/share/julia/depot/compiled/v1.12/ArgTools/aGHFV_KqawC.so for ArgTools [0dad84c5-d112-42e6-8d28-ef12dabb789f]
└ @ Base loading.jl:1299
┌ Debug: Loading object cache file /tmp/.mount_JuliaRKdCJEC/usr/share/julia/depot/compiled/v1.12/nghttp2_jll/KTGSA_KqawC.so for nghttp2_jll [8e850ede-7688-5339-a07c-302acd2aaf8d]
└ @ Base loading.jl:1299
┌ Debug: Loading object cache file /tmp/.mount_JuliaRKdCJEC/usr/share/julia/depot/compiled/v1.12/LibCURL_jll/9JWaY_KqawC.so for LibCURL_jll [deac9b47-8bc7-5906-a0fe-35ac56dc84c0]
└ @ Base loading.jl:1299
┌ Debug: Loading object cache file /tmp/.mount_JuliaRKdCJEC/usr/share/julia/depot/compiled/v1.12/MozillaCACerts_jll/XKIUi_KqawC.so for MozillaCACerts_jll [14a3606d-f60d-562e-9121-12d972cd8159]
└ @ Base loading.jl:1299
┌ Debug: Loading object cache file /tmp/.mount_JuliaRKdCJEC/usr/share/julia/depot/compiled/v1.12/LibCURL/ht49g_KqawC.so for LibCURL [b27032c2-a3e7-50c8-80cd-2d36dbcbfd21]
└ @ Base loading.jl:1299
┌ Debug: Loading object cache file /tmp/.mount_JuliaRKdCJEC/usr/share/julia/depot/compiled/v1.12/Downloads/eiA4B_KqawC.so for Downloads [f43a241f-c20a-4ad4-852c-f6b1247861c6]
└ @ Base loading.jl:1299
┌ Debug: Loading object cache file /tmp/.mount_JuliaRKdCJEC/usr/share/julia/depot/compiled/v1.12/Tar/G9ZYP_KqawC.so for Tar [a4e569a6-e804-4fa4-b0f3-eef7a1d5b13e]
└ @ Base loading.jl:1299
┌ Debug: Loading object cache file /tmp/.mount_JuliaRKdCJEC/usr/share/julia/depot/compiled/v1.12/p7zip_jll/dfuGM_KqawC.so for p7zip_jll [3f19e933-33d8-53b3-aaab-bd5110c3b7a0]
└ @ Base loading.jl:1299
┌ Debug: Loading object cache file /tmp/.mount_JuliaRKdCJEC/usr/share/julia/depot/compiled/v1.12/Pkg/tUTdb_KqawC.so for Pkg [44cfe95a-1eb2-52ea-b672-e2afdf69b78f]
└ @ Base loading.jl:1299
┌ Debug: Loading object cache file /tmp/.mount_JuliaRKdCJEC/usr/share/julia/depot/compiled/v1.12/LazyArtifacts/MRP8l_KqawC.so for LazyArtifacts [4af54fe1-eca0-43a8-85a7-787d91b784e3]
└ @ Base loading.jl:1299
┌ Debug: Loading object cache file /tmp/.mount_JuliaRKdCJEC/usr/share/julia/depot/compiled/v1.12/IntelOpenMP_jll/3Hg0P_KqawC.so for IntelOpenMP_jll [1d5cc7b8-4909-519e-a0f8-d0f5ad9712d0]
└ @ Base loading.jl:1299
┌ Debug: Loading object cache file /tmp/.mount_JuliaRKdCJEC/usr/share/julia/depot/compiled/v1.12/oneTBB_jll/S2snd_KqawC.so for oneTBB_jll [1317d2d5-d96f-522e-a858-c73665f53c3e]
└ @ Base loading.jl:1299
┌ Debug: Loading object cache file /tmp/.mount_JuliaRKdCJEC/usr/share/julia/depot/compiled/v1.12/MKL_jll/DHEix_KqawC.so for MKL_jll [856f044c-d86e-5d09-b602-aeab76dc8ba7]
└ @ Base loading.jl:1299
┌ Debug: Loading object cache file /tmp/.mount_JuliaRKdCJEC/usr/share/julia/depot/compiled/v1.12/LinearSolve/WR6RC_KqawC.so for LinearSolve [7ed4a6bd-45f5-4d41-b270-4a48e9bafcae]
└ @ Base loading.jl:1299
┌ Debug: Loading object cache file /tmp/.mount_JuliaRKdCJEC/usr/share/julia/depot/compiled/v1.12/PureKLU/ovwQy_KqawC.so for PureKLU [0c0d3e7f-3a8b-4f7e-b6f1-9a4d2e7c1f01]
└ @ Base loading.jl:1299
┌ Debug: Loading object cache file /tmp/.mount_JuliaRKdCJEC/usr/share/julia/depot/compiled/v1.12/SparseColumnPivotedQR/dcGEz_KqawC.so for SparseColumnPivotedQR [a57abbd0-fea5-4d57-96be-5e525945e8e4]
└ @ Base loading.jl:1299
┌ Debug: Loading object cache file /tmp/.mount_JuliaRKdCJEC/usr/share/julia/depot/compiled/v1.12/AMD/uxZ7x_KqawC.so for AMD [14f7f29c-3bd6-536c-9a0b-7339e30b5a3e]
└ @ Base loading.jl:1299
┌ Debug: Loading object cache file /tmp/.mount_JuliaRKdCJEC/usr/share/julia/depot/compiled/v1.12/LinearSolveSparseArraysExt/1z5jb_KqawC.so for LinearSolveSparseArraysExt [acf9803d-64eb-5f69-b965-a71e3e6e1ed4]
└ @ Base loading.jl:1299
┌ Debug: Loading object cache file /tmp/.mount_JuliaRKdCJEC/usr/share/julia/depot/compiled/v1.12/SparseColumnPivotedQRAMDExt/J5DaB_KqawC.so for SparseColumnPivotedQRAMDExt [21f307ab-0e43-5bb1-bda6-77254a53e246]
└ @ Base loading.jl:1299
┌ Debug: Loading object cache file /tmp/.mount_JuliaRKdCJEC/usr/share/julia/depot/compiled/v1.12/LinearSolveEnzymeExt/SATZE_KqawC.so for LinearSolveEnzymeExt [133222a9-3015-5ee0-8b28-65fc8ed13c28]
└ @ Base loading.jl:1299
┌ Debug: Loading object cache file /tmp/.mount_JuliaRKdCJEC/usr/share/julia/depot/compiled/v1.12/NonlinearSolveBaseLinearSolveExt/Y1jQg_KqawC.so for NonlinearSolveBaseLinearSolveExt [3d4538b4-647b-544e-b0c2-b52d0495c932]
└ @ Base loading.jl:1299
┌ Debug: Loading object cache file /tmp/.mount_JuliaRKdCJEC/usr/share/julia/depot/compiled/v1.12/NonlinearSolveBaseLineSearchExt/V9CmJ_KqawC.so for NonlinearSolveBaseLineSearchExt [a65b7766-7c26-554a-8b8d-165d7f96f890]
└ @ Base loading.jl:1299
┌ Debug: Loading object cache file /tmp/.mount_JuliaRKdCJEC/usr/share/julia/depot/compiled/v1.12/FiniteDiff/AIIBE_KqawC.so for FiniteDiff [6a86dc24-6348-571c-b903-95158fe2bd41]
└ @ Base loading.jl:1299
┌ Debug: Loading object cache file /tmp/.mount_JuliaRKdCJEC/usr/share/julia/depot/compiled/v1.12/DifferentiationInterfaceFiniteDiffExt/epHKf_KqawC.so for DifferentiationInterfaceFiniteDiffExt [6044458a-139e-583a-bc2f-a730a9b54282]
└ @ Base loading.jl:1299
┌ Debug: Loading object cache file /tmp/.mount_JuliaRKdCJEC/usr/share/julia/depot/compiled/v1.12/FiniteDiffSparseArraysExt/aguTQ_KqawC.so for FiniteDiffSparseArraysExt [699899dd-2948-59d9-a4f6-ce210f3f1f61]
└ @ Base loading.jl:1299
┌ Debug: Loading object cache file /tmp/.mount_JuliaRKdCJEC/usr/share/julia/depot/compiled/v1.12/LinearSolveForwardDiffExt/AVpfb_KqawC.so for LinearSolveForwardDiffExt [bae460b6-3243-5590-8f88-309b73c7dfe7]
└ @ Base loading.jl:1299
┌ Debug: Loading object cache file /tmp/.mount_JuliaRKdCJEC/usr/share/julia/depot/compiled/v1.12/NonlinearSolveFirstOrder/aftvH_KqawC.so for NonlinearSolveFirstOrder [5959db7a-ea39-4486-b5fe-2dd0bf03d60d]
└ @ Base loading.jl:1299
┌ Debug: Loading object cache file /tmp/.mount_JuliaRKdCJEC/usr/share/julia/depot/compiled/v1.12/OrdinaryDiffEqCore/SoYJU_KqawC.so for OrdinaryDiffEqCore [bbf590c4-e513-4bbe-9b18-05decba2e5d8]
└ @ Base loading.jl:1299
┌ Debug: Loading object cache file /tmp/.mount_JuliaRKdCJEC/usr/share/julia/depot/compiled/v1.12/OrdinaryDiffEqCoreSparseArraysExt/BIOMR_KqawC.so for OrdinaryDiffEqCoreSparseArraysExt [16d6ab37-8c95-53ee-a83a-760f9b08d86c]
└ @ Base loading.jl:1299
┌ Debug: Loading object cache file /tmp/.mount_JuliaRKdCJEC/usr/share/julia/depot/compiled/v1.12/ImplicitDiscreteSolve/KOPbf_KqawC.so for ImplicitDiscreteSolve [3263718b-31ed-49cf-8a0f-35a466e8af96]
└ @ Base loading.jl:1299
┌ Debug: Loading object cache file /tmp/.mount_JuliaRKdCJEC/usr/share/julia/depot/compiled/v1.12/FiniteDiffStaticArraysExt/hU6OA_KqawC.so for FiniteDiffStaticArraysExt [75e56524-3a34-51de-85ea-03aa6eac4b64]
└ @ Base loading.jl:1299
┌ Debug: Loading object cache file /tmp/.mount_JuliaRKdCJEC/usr/share/julia/depot/compiled/v1.12/PoissonRandom/KH2Hn_KqawC.so for PoissonRandom [e409e4f3-bfea-5376-8464-e040bb5c01ab]
└ @ Base loading.jl:1299
┌ Debug: Loading object cache file /tmp/.mount_JuliaRKdCJEC/usr/share/julia/depot/compiled/v1.12/DiffEqCallbacks/TKs5l_KqawC.so for DiffEqCallbacks [459566f4-90b8-5000-8ac3-15dfb0a30def]
└ @ Base loading.jl:1299
┌ Debug: Loading object cache file /tmp/.mount_JuliaRKdCJEC/usr/share/julia/depot/compiled/v1.12/JumpProcesses/Ysdrs_KqawC.so for JumpProcesses [ccbc3e58-028d-4f4c-8cd5-9ae44345cda5]
└ @ Base loading.jl:1299
┌ Debug: Loading object cache file /tmp/.mount_JuliaRKdCJEC/usr/share/julia/depot/compiled/v1.12/JumpProcessesOrdinaryDiffEqCoreExt/VPecV_KqawC.so for JumpProcessesOrdinaryDiffEqCoreExt [461ca68a-cf3e-519e-973c-9cc941b28230]
└ @ Base loading.jl:1299
┌ Debug: Loading object cache file /tmp/.mount_JuliaRKdCJEC/usr/share/julia/depot/compiled/v1.12/REPLExt/m7ggP_KqawC.so for REPLExt [e5eb5ef1-03cf-53a7-ae1d-5a66b08e832b]
└ @ Base loading.jl:1299
┌ Debug: Loading object cache file /tmp/.mount_JuliaRKdCJEC/usr/share/julia/depot/compiled/v1.12/BandedMatrices/OxlqV_KqawC.so for BandedMatrices [aae01518-5342-5314-be14-df237901396f]
└ @ Base loading.jl:1299
┌ Debug: Loading object cache file /tmp/.mount_JuliaRKdCJEC/usr/share/julia/depot/compiled/v1.12/ArrayInterfaceBandedMatricesExt/u5a6D_KqawC.so for ArrayInterfaceBandedMatricesExt [26e938bc-0cd5-5679-9003-44616cbf91d3]
└ @ Base loading.jl:1299
┌ Debug: Loading object cache file /tmp/.mount_JuliaRKdCJEC/usr/share/julia/depot/compiled/v1.12/NonlinearSolveBaseBandedMatricesExt/pKfn9_KqawC.so for NonlinearSolveBaseBandedMatricesExt [f3d6eb4f-59b9-5696-a638-eddf66c7554e]
└ @ Base loading.jl:1299
┌ Debug: Loading object cache file /tmp/.mount_JuliaRKdCJEC/usr/share/julia/depot/compiled/v1.12/LinearSolveBandedMatricesExt/mMlAP_KqawC.so for LinearSolveBandedMatricesExt [9522afde-9e86-5396-abc8-24b7312356fe]
└ @ Base loading.jl:1299
┌ Debug: Loading object cache file /tmp/.mount_JuliaRKdCJEC/usr/share/julia/depot/compiled/v1.12/FiniteDiffBandedMatricesExt/0IUGA_KqawC.so for FiniteDiffBandedMatricesExt [73d9490b-8748-553f-aba9-cf4754de47d8]
└ @ Base loading.jl:1299
┌ Debug: Loading object cache file /tmp/.mount_JuliaRKdCJEC/usr/share/julia/depot/compiled/v1.12/BlockArraysBandedMatricesExt/9uKwT_KqawC.so for BlockArraysBandedMatricesExt [231a03ec-9455-50cf-8098-89f612a0bd43]
└ @ Base loading.jl:1299
┌ Debug: Loading object cache file /tmp/.mount_JuliaRKdCJEC/usr/share/julia/depot/compiled/v1.12/BandedMatricesSparseArraysExt/jEPZv_KqawC.so for BandedMatricesSparseArraysExt [b4bcef05-99f6-55c2-b5ab-a3a4dc8e5cfa]
└ @ Base loading.jl:1299
┌ Debug: Loading object cache file /tmp/.mount_JuliaRKdCJEC/usr/share/julia/depot/compiled/v1.12/ReadOnlyDicts/HivWd_KqawC.so for ReadOnlyDicts [795d4caa-f5a7-4580-b5d8-c01d53451803]
└ @ Base loading.jl:1299
┌ Debug: Loading object cache file /tmp/.mount_JuliaRKdCJEC/usr/share/julia/depot/compiled/v1.12/UnPack/zm2TF_KqawC.so for UnPack [3a884ed6-31ef-47d7-9d2a-63182c4928ed]
└ @ Base loading.jl:1299
┌ Debug: Loading object cache file /tmp/.mount_JuliaRKdCJEC/usr/share/julia/depot/compiled/v1.12/BipartiteGraphs/5Xg1Z_KqawC.so for BipartiteGraphs [caf10ac8-0290-4205-88aa-f15908547e8d]
└ @ Base loading.jl:1299
┌ Debug: Loading object cache file /tmp/.mount_JuliaRKdCJEC/usr/share/julia/depot/compiled/v1.12/BipartiteGraphsSparseArraysExt/AK0iY_KqawC.so for BipartiteGraphsSparseArraysExt [f7a4e577-b4a4-5d5a-a1b9-dfd9f7702454]
└ @ Base loading.jl:1299
┌ Debug: Loading object cache file /tmp/.mount_JuliaRKdCJEC/usr/share/julia/depot/compiled/v1.12/ModelingToolkitBase/E5fDi_KqawC.so for ModelingToolkitBase [7771a370-6774-4173-bd38-47e70ca0b839]
└ @ Base loading.jl:1299
┌ Debug: Loading object cache file /tmp/.mount_JuliaRKdCJEC/usr/share/julia/depot/compiled/v1.12/FindFirstFunctions/LXnki_KqawC.so for FindFirstFunctions [64ca27bc-2ba2-4a57-88aa-44e436879224]
└ @ Base loading.jl:1299
┌ Debug: Loading object cache file /tmp/.mount_JuliaRKdCJEC/usr/share/julia/depot/compiled/v1.12/StateSelection/1Ycgf_KqawC.so for StateSelection [64909d44-ed92-46a8-bbd9-f047dfbdc84b]
└ @ Base loading.jl:1299
┌ Debug: Loading object cache file /tmp/.mount_JuliaRKdCJEC/usr/share/julia/depot/compiled/v1.12/ModelingToolkitTearing/QNJGk_KqawC.so for ModelingToolkitTearing [6bb917b9-1269-42b9-9f7c-b0dca72083ab]
└ @ Base loading.jl:1299
┌ Debug: Loading object cache file /tmp/.mount_JuliaRKdCJEC/usr/share/julia/depot/compiled/v1.12/SimpleNonlinearSolve/s3W17_KqawC.so for SimpleNonlinearSolve [727e6d20-b764-4bd8-a329-72de5adea6c7]
└ @ Base loading.jl:1299
┌ Debug: Loading object cache file /tmp/.mount_JuliaRKdCJEC/usr/share/julia/depot/compiled/v1.12/ModelingToolkit/Qmdqu_KqawC.so for ModelingToolkit [961ee093-0014-501f-94e3-6117800e7a78]
└ @ Base loading.jl:1299
